---
http_interactions:
- request:
    method: post
    uri: unix:///var/run/docker.sock/v1.12/containers/create
    body:
      encoding: UTF-8
      string: '{"Cmd":["true"],"Image":"base"}'
    headers:
      User-Agent:
      - Swipely/Docker-API 1.11.2
      Content-Type:
      - application/json
  response:
    status:
      code: 201
      message: 
    headers:
      Content-Type:
      - application/json
      Date:
      - Thu, 26 Jun 2014 19:47:25 GMT
      Content-Length:
      - '90'
      Connection:
      - close
    body:
      encoding: UTF-8
      string: |
        {"Id":"0d8ae14c085366adfbccb7d6b58da0e49988e357be43d9a369843952ff35f5a4","Warnings":null}
    http_version: 
  recorded_at: Thu, 26 Jun 2014 19:47:25 GMT
- request:
    method: post
    uri: unix:///var/run/docker.sock/v1.12/containers/0d8ae14c085366adfbccb7d6b58da0e49988e357be43d9a369843952ff35f5a4/start
    body:
      encoding: UTF-8
      string: '{}'
    headers:
      User-Agent:
      - Swipely/Docker-API 1.11.2
      Content-Type:
      - application/json
  response:
    status:
      code: 204
      message: 
    headers:
      Date:
      - Thu, 26 Jun 2014 19:47:25 GMT
      Connection:
      - close
    body:
      encoding: UTF-8
      string: ''
    http_version: 
  recorded_at: Thu, 26 Jun 2014 19:47:25 GMT
- request:
    method: post
    uri: unix:///var/run/docker.sock/v1.12/commit?container=0d8ae14c
    body:
      encoding: UTF-8
      string: 'null'
    headers:
      User-Agent:
      - Swipely/Docker-API 1.11.2
      Content-Type:
      - application/json
  response:
    status:
      code: 201
      message: 
    headers:
      Content-Type:
      - application/json
      Date:
      - Thu, 26 Jun 2014 19:47:27 GMT
      Content-Length:
      - '74'
      Connection:
      - close
    body:
      encoding: UTF-8
      string: |
        {"Id":"a0c4eb76de43e01915098f7901d9f3556c6653547504bede6de3ac4a0cbeba94"}
    http_version: 
  recorded_at: Thu, 26 Jun 2014 19:47:27 GMT
recorded_with: VCR 2.9.2
